--- Startup times for process: Primary (or UI client) ---

times in msec
 clock   self+sourced   self:  sourced script
 clock   elapsed:              other lines

000.000  000.000: --- NVIM STARTING ---
000.114  000.113: event init
000.173  000.059: early init
000.209  000.036: locale set
000.239  000.030: init first window
000.484  000.246: inits 1
000.491  000.007: window checked
000.534  000.043: parsing arguments
000.882  000.035  000.035: require('vim._core.shared')
000.936  000.002  000.002: require('string.buffer')
000.958  000.039  000.037: require('vim.inspect')
000.995  000.031  000.031: require('vim._core.options')
000.996  000.112  000.041: require('vim._core.editor')
001.019  000.022  000.022: require('vim._core.system')
001.020  000.187  000.017: require('vim._init_packages')
001.021  000.300: init lua interpreter
001.958  000.937: nvim_ui_attach
002.171  000.214: nvim_set_client_info
002.172  000.001: --- NVIM STARTED ---

--- Startup times for process: Embedded ---

times in msec
 clock   self+sourced   self:  sourced script
 clock   elapsed:              other lines

000.000  000.000: --- NVIM STARTING ---
000.100  000.099: event init
000.157  000.058: early init
000.191  000.034: locale set
000.225  000.033: init first window
000.463  000.238: inits 1
000.474  000.011: window checked
000.514  000.039: parsing arguments
000.868  000.035  000.035: require('vim._core.shared')
000.923  000.002  000.002: require('string.buffer')
000.944  000.036  000.034: require('vim.inspect')
000.984  000.034  000.034: require('vim._core.options')
000.986  000.116  000.046: require('vim._core.editor')
001.026  000.039  000.039: require('vim._core.system')
001.029  000.209  000.019: require('vim._init_packages')
001.030  000.307: init lua interpreter
001.078  000.049: expanding arguments
001.095  000.017: inits 2
001.258  000.164: init highlight
001.259  000.000: waiting for UI
001.369  000.110: done waiting for UI
001.378  000.009: clear screen
001.479  000.010  000.010: require('vim.keymap')
001.954  000.076  000.076: sourcing nvim_exec2()
001.972  000.005  000.005: require('vim._core.log')
002.239  000.859  000.769: require('vim._core.defaults')
002.240  000.003: init default mappings & autocommands
002.533  000.024  000.024: sourcing /usr/share/nvim/runtime/ftplugin.vim
002.569  000.013  000.013: sourcing /usr/share/nvim/runtime/indent.vim
002.633  000.031  000.031: sourcing /usr/share/nvim/archlinux.lua
002.635  000.049  000.018: sourcing /etc/xdg/nvim/sysinit.vim
002.713  000.015  000.015: require('vim._core.ui2')
003.081  000.363  000.363: require('vim._core.ui2.cmdline')
003.466  000.384  000.384: require('vim._core.ui2.messages')
003.573  000.087  000.087: require('configs.autocmds')
003.600  000.025  000.025: require('configs.cmds')
005.183  000.570  000.570: require('vim.lsp.protocol')
005.220  000.032  000.032: require('vim.fs')
005.239  000.707  000.105: require('vim.lsp.log')
006.115  000.004  000.004: require('vim._core.util')
006.126  000.884  000.880: require('vim.lsp.util')
006.359  000.099  000.099: require('vim.lsp.sync')
006.364  000.237  000.137: require('vim.lsp._changetracking')
006.625  000.074  000.074: require('vim.lsp._transport')
006.629  000.003  000.003: require('vim._core.stringbuffer')
006.635  000.271  000.194: require('vim.lsp.rpc')
006.653  002.824  000.725: require('vim.lsp')
006.845  000.062  000.062: require('vim.lsp._capability')
006.847  000.193  000.132: require('vim.lsp._folding_range')
006.852  000.003  000.003: require('vim.F')
006.873  000.004  000.004: sourcing nvim_exec2() called at /home/rizki/.dotfiles/nvim/.config/nvim/init.lua:0
006.884  000.010  000.010: sourcing nvim_exec2() called at /home/rizki/.dotfiles/nvim/.config/nvim/init.lua:0
006.886  000.002  000.002: sourcing nvim_exec2() called at /home/rizki/.dotfiles/nvim/.config/nvim/init.lua:0
006.890  000.003  000.003: sourcing nvim_exec2() called at /home/rizki/.dotfiles/nvim/.config/nvim/init.lua:0
006.894  000.002  000.002: sourcing nvim_exec2() called at /home/rizki/.dotfiles/nvim/.config/nvim/init.lua:0
006.895  000.001  000.001: sourcing nvim_exec2() called at /home/rizki/.dotfiles/nvim/.config/nvim/init.lua:0
006.903  000.007  000.007: sourcing nvim_exec2() called at /home/rizki/.dotfiles/nvim/.config/nvim/init.lua:0
006.932  000.011  000.011: sourcing nvim_exec2() called at /home/rizki/.dotfiles/nvim/.config/nvim/init.lua:0
006.934  003.333  000.273: require('configs.options')
007.301  000.366  000.366: require('configs.keymaps')
007.396  000.094  000.094: require('configs.tabline')
008.012  000.051  000.051: require('vim._async')
008.025  000.626  000.575: require('vim.pack')
008.518  000.140  000.140: require('catppuccin')
008.624  000.033  000.033: require('catppuccin.lib.hashing')
009.613  000.900  000.900: sourcing /home/rizki/.local/share/nvim/site/pack/core/opt/nvim/colors/catppuccin-macchiato.lua
009.619  000.971  000.071: sourcing nvim_exec2() called at /home/rizki/.dotfiles/nvim/.config/nvim/init.lua:0
010.431  000.055  000.055: require('mason-core.path')
010.792  000.060  000.060: require('mason-core.functional.data')
010.914  000.120  000.120: require('mason-core.functional.function')
011.028  000.108  000.108: require('mason-core.functional.list')
011.061  000.029  000.029: require('mason-core.functional.relation')
011.097  000.034  000.034: require('mason-core.functional.logic')
011.123  000.024  000.024: require('mason-core.functional.number')
011.175  000.050  000.050: require('mason-core.functional.string')
011.223  000.046  000.046: require('mason-core.functional.table')
011.252  000.026  000.026: require('mason-core.functional.type')
011.253  000.632  000.133: require('mason-core.functional')
011.282  000.848  000.216: require('mason-core.platform')
011.373  000.091  000.091: require('mason.settings')
011.376  001.066  000.072: require('mason-core.installer.InstallLocation')
011.673  000.134  000.134: require('mason-core.log')
011.675  000.184  000.051: require('mason-core.EventEmitter')
011.785  000.109  000.109: require('mason-registry.sources')
011.827  000.451  000.158: require('mason-registry')
011.828  001.566  000.050: require('mason')
011.995  000.142  000.142: require('mason.api.command')
012.082  000.021  000.021: require('mason-lspconfig.settings')
012.083  000.086  000.065: require('mason-lspconfig')
012.212  000.105  000.105: require('mason-core.async')
012.323  000.023  000.023: require('mason-core.async.uv')
012.327  000.113  000.090: require('mason-core.fs')
012.527  000.070  000.070: require('mason-core.result')
012.754  000.124  000.124: require('mason-core.process')
012.831  000.075  000.075: require('mason-core.spawn')
012.832  000.235  000.036: require('mason-core.installer.managers.powershell')
012.853  000.020  000.020: require('mason.version')
012.854  000.326  000.071: require('mason-core.fetch')
012.894  000.039  000.039: require('mason-core.providers')
012.972  000.045  000.045: require('mason-core.optional')
013.230  000.110  000.110: require('mason-core.purl')
013.291  000.059  000.059: require('mason-core.async.control')
013.294  000.249  000.080: require('mason-core.package.AbstractPackage')
013.810  000.095  000.095: require('mason-core.installer.compiler.expr')
013.822  000.290  000.195: require('mason-core.installer.compiler.link')
014.484  000.079  000.079: require('mason-core.installer.context.InstallContextCwd')
014.564  000.077  000.077: require('mason-core.installer.context.InstallContextFs')
014.620  000.055  000.055: require('mason-core.installer.context.InstallContextSpawn')
014.736  000.114  000.114: require('mason-core.receipt')
014.764  000.691  000.365: require('mason-core.installer.context')
014.765  000.725  000.034: require('mason-core.installer')
014.783  000.890  000.165: require('mason-core.installer.managers.std')
014.785  000.962  000.072: require('mason-core.installer.compiler.schemas')
014.858  000.072  000.072: require('mason-core.installer.compiler.util')
014.875  001.484  000.160: require('mason-core.installer.compiler')
015.088  000.210  000.210: require('mason-core.installer.linker')
015.106  001.812  000.118: require('mason-core.installer.InstallRunner')
015.231  000.121  000.121: require('mason-core.installer.UninstallRunner')
015.241  002.269  000.087: require('mason-core.package')
015.249  002.354  000.040: require('mason-registry.sources.util')
015.270  002.899  000.111: require('mason-registry.sources.github')
015.782  000.140  000.140: require('mason-registry.sources.synthesized')
018.220  000.026  000.026: require('mason-lspconfig.notify')
018.241  000.200  000.174: require('mason-lspconfig.api.command')
018.678  000.361  000.361: require('vim.iter')
020.791  001.230  001.230: require('vim.diagnostic')
020.881  000.054  000.054: require('catppuccin.palettes')
020.916  000.033  000.033: require('catppuccin.palettes.macchiato')
020.968  010.766  003.837: require('configs/lsp')
021.101  000.131  000.131: require('nvim-treesitter.config')
022.559  000.020  000.020: require('nvim-autopairs._log')
022.654  000.093  000.093: require('nvim-autopairs.utils')
022.658  000.232  000.119: require('nvim-autopairs.conds')
022.684  000.332  000.100: require('nvim-autopairs.rule')
022.686  000.404  000.073: require('nvim-autopairs.rules.basic')
022.692  000.912  000.508: require('nvim-autopairs')
022.992  001.535  000.623: require('configs/autopairs')
023.782  000.183  000.183: require('colorizer.color')
024.170  000.009  000.009: require('ffi')
024.239  000.162  000.153: require('colorizer.utils')
024.278  000.038  000.038: require('colorizer.parser.registry')
024.352  000.050  000.050: require('colorizer.parser.rgba_hex')
024.398  000.045  000.045: require('colorizer.parser.argb_hex')
024.440  000.041  000.041: require('colorizer.parser.hex_no_hash')
024.651  000.028  000.028: require('colorizer.constants')
024.654  000.214  000.186: require('colorizer.parser.xterm')
024.714  000.059  000.059: require('colorizer.parser.ls_colors')
024.778  000.063  000.063: require('colorizer.parser.rgb')
024.822  000.043  000.043: require('colorizer.parser.hsl')
025.040  000.170  000.170: require('colorizer.hsluv')
025.042  000.219  000.049: require('colorizer.parser.hsluv')
025.086  000.044  000.044: require('colorizer.parser.oklch')
025.130  000.043  000.043: require('colorizer.parser.hwb')
025.165  000.034  000.034: require('colorizer.parser.lab')
025.199  000.033  000.033: require('colorizer.parser.lch')
025.234  000.035  000.035: require('colorizer.parser.css_color')
025.489  000.145  000.145: require('colorizer.trie')
025.515  000.279  000.135: require('colorizer.parser.names')
025.665  000.149  000.149: require('colorizer.parser.sass')
025.710  000.044  000.044: require('colorizer.parser.xcolor')
025.737  000.027  000.027: require('colorizer.parser.css_var_rgb')
025.808  000.070  000.070: require('colorizer.parser.css_var')
025.809  001.530  000.037: require('colorizer.parser')
026.043  000.111  000.111: require('vim.hl')
026.112  002.328  000.488: require('colorizer.config')
026.287  000.174  000.174: require('colorizer.matcher')
026.357  000.069  000.069: require('colorizer.tailwind')
026.360  002.908  000.155: require('colorizer.buffer')
026.364  003.173  000.265: require('colorizer')
026.602  000.038  000.038: require('colorizer.usercmds')
027.117  000.027  000.027: require('flash')
027.229  000.107  000.107: require('flash.config')
027.441  000.024  000.024: require('flash.require')
027.445  000.109  000.085: require('flash.plugins.search')
027.611  000.153  000.153: require('flash.plugins.char')
027.656  000.042  000.042: require('flash.repeat')
027.767  000.747  000.310: require('configs/flash')
027.874  000.106  000.106: require('configs/commander')
029.336  001.287  001.287: require('mini.icons')
030.434  001.045  001.045: require('mini.completion')
031.204  000.617  000.617: require('mini.misc')
032.749  000.086  000.086: require('vim.uri')
032.760  001.487  001.401: require('mini.files')
032.818  000.042  000.042: sourcing nvim_exec2() called at /home/rizki/.dotfiles/nvim/.config/nvim/init.lua:0
032.824  000.004  000.004: sourcing nvim_exec2() called at /home/rizki/.dotfiles/nvim/.config/nvim/init.lua:0
032.842  001.619  000.086: require('configs.mini-files')
033.271  000.369  000.369: require('mini.statusline')
033.339  000.496  000.127: require('configs.mini-statusline')
033.340  030.682  002.684: sourcing /home/rizki/.config/nvim/init.lua
033.348  000.340: sourcing vimrc file(s)
033.560  000.009  000.009: sourcing /home/rizki/.local/share/nvim/site/pack/core/opt/vim-fugitive/ftdetect/fugitive.vim
033.657  000.018  000.018: sourcing /usr/share/nvim/site/ftdetect/ghostty.vim
033.677  000.192  000.165: sourcing nvim_exec2() called at /usr/share/nvim/runtime/filetype.lua:0
033.678  000.257  000.065: sourcing /usr/share/nvim/runtime/filetype.lua
033.817  000.043  000.043: sourcing /usr/share/nvim/runtime/syntax/synload.vim
033.873  000.164  000.121: sourcing /usr/share/nvim/runtime/syntax/syntax.vim
034.531  000.448  000.448: sourcing /home/rizki/.local/share/nvim/site/pack/core/opt/vim-fugitive/plugin/fugitive.vim
034.617  000.015  000.015: sourcing /home/rizki/.local/share/nvim/site/pack/core/opt/nvim-colorizer.lua/plugin/colorizer.lua
036.141  000.071  000.071: require('vim.treesitter.language')
036.197  000.033  000.033: require('vim.func')
036.277  000.079  000.079: require('vim.treesitter._range')
036.332  000.053  000.053: require('vim.func._memoize')
036.349  000.573  000.336: require('vim.treesitter.query')
036.359  001.223  000.650: require('vim.treesitter.languagetree')
036.364  001.504  000.281: require('vim.treesitter')
036.460  001.736  000.232: sourcing /home/rizki/.local/share/nvim/site/pack/core/opt/nvim-treesitter/plugin/filetypes.lua
036.535  000.050  000.050: sourcing /home/rizki/.local/share/nvim/site/pack/core/opt/nvim-treesitter/plugin/nvim-treesitter.lua
036.597  000.032  000.032: sourcing /home/rizki/.local/share/nvim/site/pack/core/opt/nvim-treesitter/plugin/query_predicates.lua
036.833  000.012  000.012: sourcing /usr/share/nvim/runtime/plugin/gzip.vim
036.854  000.007  000.007: sourcing /usr/share/nvim/runtime/plugin/matchit.vim
036.942  000.072  000.072: sourcing /usr/share/nvim/runtime/plugin/matchparen.vim
037.393  000.125  000.125: sourcing /usr/share/nvim/runtime/pack/dist/opt/netrw/plugin/netrwPlugin.vim
037.428  000.474  000.349: sourcing /usr/share/nvim/runtime/plugin/netrwPlugin.vim
037.516  000.071  000.071: sourcing /usr/share/nvim/runtime/plugin/rplugin.vim
037.540  000.007  000.007: sourcing /usr/share/nvim/runtime/plugin/tarPlugin.vim
037.564  000.009  000.009: sourcing /usr/share/nvim/runtime/plugin/tutor.vim
037.584  000.006  000.006: sourcing /usr/share/nvim/runtime/plugin/zipPlugin.vim
037.628  000.028  000.028: sourcing /usr/share/nvim/runtime/plugin/editorconfig.lua
037.681  000.033  000.033: sourcing /usr/share/nvim/runtime/plugin/man.lua
037.771  000.076  000.076: sourcing /usr/share/nvim/runtime/plugin/net.lua
037.834  000.046  000.046: sourcing /usr/share/nvim/runtime/plugin/osc52.lua
037.909  000.056  000.056: sourcing /usr/share/nvim/runtime/plugin/shada.lua
037.955  000.014  000.014: sourcing /usr/share/nvim/runtime/plugin/spellfile.lua
037.965  001.003: loading rtp plugins
038.058  000.093: loading packages
038.069  000.011: loading after plugins
038.075  000.006: inits 3
039.865  001.790: reading ShaDa
040.008  000.144: opening buffers
040.064  000.055: BufEnter autocommands
040.065  000.001: editing files in windows
040.085  000.020: VimEnter autocommands
040.096  000.011: UIEnter autocommands
040.096  000.001: before starting main loop
040.407  000.149  000.149: require('editorconfig')
041.214  000.783  000.783: require('vim.filetype')
042.245  000.717  000.717: require('vim.filetype.detect')
042.589  000.165  000.165: require('vim.ui')
042.686  000.776: first screen update
042.687  000.001: --- NVIM STARTED ---

--- Startup times for process: Primary (or UI client) ---

times in msec
 clock   self+sourced   self:  sourced script
 clock   elapsed:              other lines

000.000  000.000: --- NVIM STARTING ---
000.108  000.108: event init
000.168  000.060: early init
000.207  000.039: locale set
000.248  000.041: init first window
000.630  000.382: inits 1
000.641  000.011: window checked
000.702  000.061: parsing arguments
001.080  000.034  000.034: require('vim._core.shared')
001.136  000.002  000.002: require('string.buffer')
001.155  000.034  000.032: require('vim.inspect')
001.191  000.030  000.030: require('vim._core.options')
001.192  000.110  000.046: require('vim._core.editor')
001.219  000.027  000.027: require('vim._core.system')
001.220  000.188  000.018: require('vim._init_packages')
001.221  000.332: init lua interpreter
002.159  000.938: nvim_ui_attach
002.378  000.219: nvim_set_client_info
002.379  000.001: --- NVIM STARTED ---

--- Startup times for process: Embedded ---

times in msec
 clock   self+sourced   self:  sourced script
 clock   elapsed:              other lines

000.000  000.000: --- NVIM STARTING ---
000.095  000.094: event init
000.153  000.058: early init
000.192  000.039: locale set
000.219  000.027: init first window
000.427  000.208: inits 1
000.437  000.010: window checked
000.476  000.039: parsing arguments
000.810  000.033  000.033: require('vim._core.shared')
000.865  000.002  000.002: require('string.buffer')
000.883  000.035  000.033: require('vim.inspect')
000.922  000.034  000.034: require('vim._core.options')
000.924  000.112  000.044: require('vim._core.editor')
000.952  000.027  000.027: require('vim._core.system')
000.952  000.187  000.015: require('vim._init_packages')
000.953  000.290: init lua interpreter
000.997  000.043: expanding arguments
001.013  000.016: inits 2
001.171  000.158: init highlight
001.172  000.000: waiting for UI
001.277  000.106: done waiting for UI
001.285  000.007: clear screen
001.378  000.008  000.008: require('vim.keymap')
001.879  000.074  000.074: sourcing nvim_exec2()
001.897  000.005  000.005: require('vim._core.log')
002.271  000.985  000.897: require('vim._core.defaults')
002.273  000.003: init default mappings & autocommands
002.556  000.026  000.026: sourcing /usr/share/nvim/runtime/ftplugin.vim
002.600  000.020  000.020: sourcing /usr/share/nvim/runtime/indent.vim
002.662  000.031  000.031: sourcing /usr/share/nvim/archlinux.lua
002.664  000.048  000.017: sourcing /etc/xdg/nvim/sysinit.vim
002.745  000.015  000.015: require('vim._core.ui2')
003.153  000.357  000.357: require('vim._core.ui2.cmdline')
003.532  000.377  000.377: require('vim._core.ui2.messages')
003.643  000.091  000.091: require('configs.autocmds')
003.668  000.024  000.024: require('configs.cmds')
005.215  000.640  000.640: require('vim.lsp.protocol')
005.252  000.032  000.032: require('vim.fs')
005.270  000.775  000.104: require('vim.lsp.log')
006.150  000.004  000.004: require('vim._core.util')
006.160  000.888  000.883: require('vim.lsp.util')
006.400  000.102  000.102: require('vim.lsp.sync')
006.404  000.243  000.140: require('vim.lsp._changetracking')
006.672  000.074  000.074: require('vim.lsp._transport')
006.677  000.004  000.004: require('vim._core.stringbuffer')
006.704  000.299  000.222: require('vim.lsp.rpc')
006.733  002.905  000.699: require('vim.lsp')
006.925  000.063  000.063: require('vim.lsp._capability')
006.928  000.194  000.131: require('vim.lsp._folding_range')
006.933  000.003  000.003: require('vim.F')
006.969  000.004  000.004: sourcing nvim_exec2() called at /home/rizki/.dotfiles/nvim/.config/nvim/init.lua:0
006.980  000.010  000.010: sourcing nvim_exec2() called at /home/rizki/.dotfiles/nvim/.config/nvim/init.lua:0
006.983  000.002  000.002: sourcing nvim_exec2() called at /home/rizki/.dotfiles/nvim/.config/nvim/init.lua:0
006.987  000.003  000.003: sourcing nvim_exec2() called at /home/rizki/.dotfiles/nvim/.config/nvim/init.lua:0
006.990  000.002  000.002: sourcing nvim_exec2() called at /home/rizki/.dotfiles/nvim/.config/nvim/init.lua:0
006.991  000.001  000.001: sourcing nvim_exec2() called at /home/rizki/.dotfiles/nvim/.config/nvim/init.lua:0
007.000  000.008  000.008: sourcing nvim_exec2() called at /home/rizki/.dotfiles/nvim/.config/nvim/init.lua:0
007.034  000.011  000.011: sourcing nvim_exec2() called at /home/rizki/.dotfiles/nvim/.config/nvim/init.lua:0
007.035  003.367  000.224: require('configs.options')
007.359  000.323  000.323: require('configs.keymaps')
007.450  000.090  000.090: require('configs.tabline')
008.053  000.050  000.050: require('vim._async')
008.061  000.608  000.558: require('vim.pack')
008.469  000.137  000.137: require('catppuccin')
008.586  000.033  000.033: require('catppuccin.lib.hashing')
009.584  000.900  000.900: sourcing /home/rizki/.local/share/nvim/site/pack/core/opt/nvim/colors/catppuccin-macchiato.lua
009.590  000.974  000.073: sourcing nvim_exec2() called at /home/rizki/.dotfiles/nvim/.config/nvim/init.lua:0
010.392  000.044  000.044: require('mason-core.path')
010.727  000.041  000.041: require('mason-core.functional.data')
010.863  000.134  000.134: require('mason-core.functional.function')
011.019  000.148  000.148: require('mason-core.functional.list')
011.058  000.034  000.034: require('mason-core.functional.relation')
011.093  000.033  000.033: require('mason-core.functional.logic')
011.121  000.026  000.026: require('mason-core.functional.number')
011.174  000.050  000.050: require('mason-core.functional.string')
011.221  000.046  000.046: require('mason-core.functional.table')
011.250  000.027  000.027: require('mason-core.functional.type')
011.252  000.682  000.142: require('mason-core.functional')
011.275  000.881  000.199: require('mason-core.platform')
011.353  000.077  000.077: require('mason.settings')
011.357  001.076  000.074: require('mason-core.installer.InstallLocation')
011.598  000.106  000.106: require('mason-core.log')
011.600  000.147  000.041: require('mason-core.EventEmitter')
011.707  000.106  000.106: require('mason-registry.sources')
011.766  000.408  000.155: require('mason-registry')
011.767  001.533  000.049: require('mason')
011.942  000.144  000.144: require('mason.api.command')
012.030  000.021  000.021: require('mason-lspconfig.settings')
012.032  000.086  000.065: require('mason-lspconfig')
012.167  000.096  000.096: require('mason-core.async')
012.278  000.024  000.024: require('mason-core.async.uv')
012.282  000.114  000.089: require('mason-core.fs')
012.479  000.069  000.069: require('mason-core.result')
012.705  000.123  000.123: require('mason-core.process')
012.782  000.076  000.076: require('mason-core.spawn')
012.784  000.236  000.038: require('mason-core.installer.managers.powershell')
012.805  000.020  000.020: require('mason.version')
012.806  000.327  000.070: require('mason-core.fetch')
012.847  000.039  000.039: require('mason-core.providers')
012.925  000.046  000.046: require('mason-core.optional')
013.188  000.114  000.114: require('mason-core.purl')
013.266  000.077  000.077: require('mason-core.async.control')
013.272  000.274  000.084: require('mason-core.package.AbstractPackage')
013.773  000.095  000.095: require('mason-core.installer.compiler.expr')
013.779  000.248  000.153: require('mason-core.installer.compiler.link')
014.357  000.102  000.102: require('mason-core.installer.context.InstallContextCwd')
014.430  000.071  000.071: require('mason-core.installer.context.InstallContextFs')
014.474  000.043  000.043: require('mason-core.installer.context.InstallContextSpawn')
014.553  000.076  000.076: require('mason-core.receipt')
014.566  000.527  000.236: require('mason-core.installer.context')
014.568  000.565  000.038: require('mason-core.installer')
014.581  000.727  000.162: require('mason-core.installer.managers.std')
014.582  000.801  000.074: require('mason-core.installer.compiler.schemas')
014.649  000.067  000.067: require('mason-core.installer.compiler.util')
014.656  001.244  000.127: require('mason-core.installer.compiler')
015.500  000.843  000.843: require('mason-core.installer.linker')
015.508  002.235  000.149: require('mason-core.installer.InstallRunner')
015.628  000.118  000.118: require('mason-core.installer.UninstallRunner')
015.638  002.713  000.086: require('mason-core.package')
015.644  002.796  000.037: require('mason-registry.sources.util')
015.685  003.362  000.131: require('mason-registry.sources.github')
016.068  000.105  000.105: require('mason-registry.sources.synthesized')
018.449  000.025  000.025: require('mason-lspconfig.notify')
018.468  000.168  000.143: require('mason-lspconfig.api.command')
018.987  000.384  000.384: require('vim.iter')
021.038  001.172  001.172: require('vim.diagnostic')
021.108  000.063  000.063: require('catppuccin.palettes')
021.148  000.038  000.038: require('catppuccin.palettes.macchiato')
021.165  010.993  003.728: require('configs/lsp')
021.261  000.094  000.094: require('nvim-treesitter.config')
022.741  000.024  000.024: require('nvim-autopairs._log')
022.832  000.089  000.089: require('nvim-autopairs.utils')
022.835  000.288  000.176: require('nvim-autopairs.conds')
022.865  000.427  000.139: require('nvim-autopairs.rule')
022.866  000.540  000.113: require('nvim-autopairs.rules.basic')
022.871  001.047  000.507: require('nvim-autopairs')
023.092  001.584  000.537: require('configs/autopairs')
023.534  000.020  000.020: require('flash')
023.651  000.101  000.101: require('flash.config')
023.927  000.022  000.022: require('flash.require')
023.934  000.112  000.089: require('flash.plugins.search')
024.069  000.121  000.121: require('flash.plugins.char')
024.101  000.032  000.032: require('flash.repeat')
024.209  000.754  000.369: require('configs/flash')
024.280  000.070  000.070: require('configs/commander')
025.424  000.967  000.967: require('mini.icons')
026.281  000.809  000.809: require('mini.completion')
026.730  000.379  000.379: require('mini.misc')
028.133  000.092  000.092: require('vim.uri')
028.138  001.339  001.247: require('mini.files')
028.200  000.037  000.037: sourcing nvim_exec2() called at /home/rizki/.dotfiles/nvim/.config/nvim/init.lua:0
028.207  000.004  000.004: sourcing nvim_exec2() called at /home/rizki/.dotfiles/nvim/.config/nvim/init.lua:0
028.224  001.466  000.086: require('configs.mini-files')
028.536  000.262  000.262: require('mini.statusline')
028.561  000.336  000.074: require('configs.mini-statusline')
028.785  026.099  002.253: sourcing /home/rizki/.config/nvim/init.lua
028.791  000.326: sourcing vimrc file(s)
028.978  000.007  000.007: sourcing /home/rizki/.local/share/nvim/site/pack/core/opt/vim-fugitive/ftdetect/fugitive.vim
029.042  000.012  000.012: sourcing /usr/share/nvim/site/ftdetect/ghostty.vim
029.059  000.155  000.136: sourcing nvim_exec2() called at /usr/share/nvim/runtime/filetype.lua:0
029.061  000.205  000.050: sourcing /usr/share/nvim/runtime/filetype.lua
029.197  000.039  000.039: sourcing /usr/share/nvim/runtime/syntax/synload.vim
029.250  000.150  000.111: sourcing /usr/share/nvim/runtime/syntax/syntax.vim
029.451  000.014  000.014: sourcing /home/rizki/.local/share/nvim/site/pack/core/opt/nvim-colorizer.lua/plugin/colorizer.lua
029.973  000.455  000.455: sourcing /home/rizki/.local/share/nvim/site/pack/core/opt/vim-fugitive/plugin/fugitive.vim
031.661  000.092  000.092: require('vim.treesitter.language')
031.698  000.034  000.034: require('vim.func')
031.803  000.104  000.104: require('vim.treesitter._range')
031.871  000.065  000.065: require('vim.func._memoize')
031.893  000.743  000.448: require('vim.treesitter.query')
031.928  001.370  000.627: require('vim.treesitter.languagetree')
031.934  001.652  000.282: require('vim.treesitter')
032.033  001.874  000.222: sourcing /home/rizki/.local/share/nvim/site/pack/core/opt/nvim-treesitter/plugin/filetypes.lua
032.118  000.060  000.060: sourcing /home/rizki/.local/share/nvim/site/pack/core/opt/nvim-treesitter/plugin/nvim-treesitter.lua
032.168  000.031  000.031: sourcing /home/rizki/.local/share/nvim/site/pack/core/opt/nvim-treesitter/plugin/query_predicates.lua
032.400  000.012  000.012: sourcing /usr/share/nvim/runtime/plugin/gzip.vim
032.420  000.008  000.008: sourcing /usr/share/nvim/runtime/plugin/matchit.vim
032.505  000.073  000.073: sourcing /usr/share/nvim/runtime/plugin/matchparen.vim
032.967  000.119  000.119: sourcing /usr/share/nvim/runtime/pack/dist/opt/netrw/plugin/netrwPlugin.vim
032.999  000.482  000.363: sourcing /usr/share/nvim/runtime/plugin/netrwPlugin.vim
033.089  000.071  000.071: sourcing /usr/share/nvim/runtime/plugin/rplugin.vim
033.112  000.006  000.006: sourcing /usr/share/nvim/runtime/plugin/tarPlugin.vim
033.135  000.009  000.009: sourcing /usr/share/nvim/runtime/plugin/tutor.vim
033.163  000.006  000.006: sourcing /usr/share/nvim/runtime/plugin/zipPlugin.vim
033.209  000.029  000.029: sourcing /usr/share/nvim/runtime/plugin/editorconfig.lua
033.262  000.040  000.040: sourcing /usr/share/nvim/runtime/plugin/man.lua
033.359  000.083  000.083: sourcing /usr/share/nvim/runtime/plugin/net.lua
033.438  000.062  000.062: sourcing /usr/share/nvim/runtime/plugin/osc52.lua
033.520  000.066  000.066: sourcing /usr/share/nvim/runtime/plugin/shada.lua
033.577  000.021  000.021: sourcing /usr/share/nvim/runtime/plugin/spellfile.lua
033.586  001.038: loading rtp plugins
033.685  000.099: loading packages
033.696  000.011: loading after plugins
033.702  000.006: inits 3
035.499  001.797: reading ShaDa
035.648  000.149: opening buffers
035.696  000.048: BufEnter autocommands
035.698  000.002: editing files in windows
035.723  000.025: VimEnter autocommands
035.734  000.011: UIEnter autocommands
035.734  000.001: before starting main loop
036.133  000.189  000.189: require('editorconfig')
037.700  001.555  001.555: require('vim.filetype')
038.622  000.714  000.714: require('vim.filetype.detect')
038.935  000.150  000.150: require('vim.ui')
038.968  000.625: first screen update
038.968  000.001: --- NVIM STARTED ---

--- Startup times for process: Primary (or UI client) ---

times in msec
 clock   self+sourced   self:  sourced script
 clock   elapsed:              other lines

000.001  000.001: --- NVIM STARTING ---
000.110  000.109: event init
000.165  000.055: early init
000.200  000.035: locale set
000.231  000.031: init first window
000.471  000.241: inits 1
000.477  000.006: window checked
000.523  000.046: parsing arguments
000.875  000.037  000.037: require('vim._core.shared')
000.935  000.002  000.002: require('string.buffer')
000.954  000.041  000.039: require('vim.inspect')
000.991  000.031  000.031: require('vim._core.options')
000.997  000.121  000.048: require('vim._core.editor')
001.023  000.025  000.025: require('vim._core.system')
001.024  000.200  000.017: require('vim._init_packages')
001.025  000.301: init lua interpreter
002.024  000.999: nvim_ui_attach
002.234  000.210: nvim_set_client_info
002.235  000.001: --- NVIM STARTED ---

--- Startup times for process: Embedded ---

times in msec
 clock   self+sourced   self:  sourced script
 clock   elapsed:              other lines

000.000  000.000: --- NVIM STARTING ---
000.099  000.099: event init
000.161  000.062: early init
000.200  000.039: locale set
000.235  000.035: init first window
000.498  000.263: inits 1
000.515  000.017: window checked
000.570  000.055: parsing arguments
000.919  000.036  000.036: require('vim._core.shared')
000.977  000.002  000.002: require('string.buffer')
000.996  000.034  000.032: require('vim.inspect')
001.042  000.041  000.041: require('vim._core.options')
001.043  000.122  000.048: require('vim._core.editor')
001.069  000.025  000.025: require('vim._core.system')
001.070  000.197  000.014: require('vim._init_packages')
001.071  000.303: init lua interpreter
001.116  000.046: expanding arguments
001.133  000.017: inits 2
001.294  000.161: init highlight
001.294  000.000: waiting for UI
001.420  000.126: done waiting for UI
001.430  000.009: clear screen
001.537  000.005  000.005: require('vim.keymap')
002.049  000.072  000.072: sourcing nvim_exec2()
002.065  000.002  000.002: require('vim._core.log')
002.481  001.049  000.969: require('vim._core.defaults')
002.482  000.003: init default mappings & autocommands
002.772  000.027  000.027: sourcing /usr/share/nvim/runtime/ftplugin.vim
002.810  000.013  000.013: sourcing /usr/share/nvim/runtime/indent.vim
002.872  000.032  000.032: sourcing /usr/share/nvim/archlinux.lua
002.874  000.049  000.017: sourcing /etc/xdg/nvim/sysinit.vim
002.967  000.018  000.018: require('vim._core.ui2')
003.394  000.376  000.376: require('vim._core.ui2.cmdline')
003.785  000.389  000.389: require('vim._core.ui2.messages')
003.895  000.086  000.086: require('configs.autocmds')
003.921  000.025  000.025: require('configs.cmds')
005.492  000.640  000.640: require('vim.lsp.protocol')
005.544  000.034  000.034: require('vim.fs')
005.563  000.802  000.129: require('vim.lsp.log')
006.424  000.006  000.006: require('vim._core.util')
006.433  000.868  000.862: require('vim.lsp.util')
006.668  000.097  000.097: require('vim.lsp.sync')
006.672  000.237  000.140: require('vim.lsp._changetracking')
006.928  000.069  000.069: require('vim.lsp._transport')
006.932  000.003  000.003: require('vim._core.stringbuffer')
006.959  000.286  000.214: require('vim.lsp.rpc')
006.978  002.899  000.705: require('vim.lsp')
007.171  000.064  000.064: require('vim.lsp._capability')
007.174  000.196  000.132: require('vim.lsp._folding_range')
007.180  000.002  000.002: require('vim.F')
007.242  000.005  000.005: sourcing nvim_exec2() called at /home/rizki/.dotfiles/nvim/.config/nvim/init.lua:0
007.253  000.010  000.010: sourcing nvim_exec2() called at /home/rizki/.dotfiles/nvim/.config/nvim/init.lua:0
007.256  000.002  000.002: sourcing nvim_exec2() called at /home/rizki/.dotfiles/nvim/.config/nvim/init.lua:0
007.260  000.003  000.003: sourcing nvim_exec2() called at /home/rizki/.dotfiles/nvim/.config/nvim/init.lua:0
007.263  000.002  000.002: sourcing nvim_exec2() called at /home/rizki/.dotfiles/nvim/.config/nvim/init.lua:0
007.264  000.001  000.001: sourcing nvim_exec2() called at /home/rizki/.dotfiles/nvim/.config/nvim/init.lua:0
007.273  000.008  000.008: sourcing nvim_exec2() called at /home/rizki/.dotfiles/nvim/.config/nvim/init.lua:0
007.290  000.011  000.011: sourcing nvim_exec2() called at /home/rizki/.dotfiles/nvim/.config/nvim/init.lua:0
007.291  003.369  000.231: require('configs.options')
007.663  000.372  000.372: require('configs.keymaps')
007.758  000.093  000.093: require('configs.tabline')
008.369  000.051  000.051: require('vim._async')
008.377  000.616  000.565: require('vim.pack')
008.767  000.136  000.136: require('catppuccin')
008.910  000.036  000.036: require('catppuccin.lib.hashing')
009.944  000.961  000.961: sourcing /home/rizki/.local/share/nvim/site/pack/core/opt/nvim/colors/catppuccin-macchiato.lua
009.950  001.033  000.072: sourcing nvim_exec2() called at /home/rizki/.dotfiles/nvim/.config/nvim/init.lua:0
010.778  000.063  000.063: require('mason-core.path')
011.113  000.047  000.047: require('mason-core.functional.data')
011.230  000.115  000.115: require('mason-core.functional.function')
011.346  000.109  000.109: require('mason-core.functional.list')
011.384  000.034  000.034: require('mason-core.functional.relation')
011.420  000.035  000.035: require('mason-core.functional.logic')
011.448  000.026  000.026: require('mason-core.functional.number')
011.502  000.052  000.052: require('mason-core.functional.string')
011.570  000.048  000.048: require('mason-core.functional.table')
011.597  000.025  000.025: require('mason-core.functional.type')
011.599  000.643  000.152: require('mason-core.functional')
011.618  000.838  000.196: require('mason-core.platform')
011.695  000.076  000.076: require('mason.settings')
011.699  001.048  000.070: require('mason-core.installer.InstallLocation')
011.973  000.134  000.134: require('mason-core.log')
011.975  000.173  000.039: require('mason-core.EventEmitter')
012.077  000.101  000.101: require('mason-registry.sources')
012.113  000.413  000.139: require('mason-registry')
012.115  001.509  000.047: require('mason')
012.268  000.141  000.141: require('mason.api.command')
012.363  000.022  000.022: require('mason-lspconfig.settings')
012.365  000.094  000.072: require('mason-lspconfig')
012.481  000.093  000.093: require('mason-core.async')
012.591  000.024  000.024: require('mason-core.async.uv')
012.594  000.112  000.088: require('mason-core.fs')
012.778  000.069  000.069: require('mason-core.result')
013.002  000.121  000.121: require('mason-core.process')
013.092  000.089  000.089: require('mason-core.spawn')
013.094  000.247  000.037: require('mason-core.installer.managers.powershell')
013.116  000.021  000.021: require('mason.version')
013.118  000.339  000.071: require('mason-core.fetch')
013.160  000.041  000.041: require('mason-core.providers')
013.239  000.046  000.046: require('mason-core.optional')
013.510  000.116  000.116: require('mason-core.purl')
013.571  000.060  000.060: require('mason-core.async.control')
013.574  000.263  000.088: require('mason-core.package.AbstractPackage')
013.990  000.065  000.065: require('mason-core.installer.compiler.expr')
013.995  000.196  000.131: require('mason-core.installer.compiler.link')
014.370  000.035  000.035: require('mason-core.installer.context.InstallContextCwd')
014.427  000.056  000.056: require('mason-core.installer.context.InstallContextFs')
014.464  000.036  000.036: require('mason-core.installer.context.InstallContextSpawn')
014.536  000.071  000.071: require('mason-core.receipt')
014.550  000.361  000.163: require('mason-core.installer.context')
014.551  000.384  000.023: require('mason-core.installer')
014.559  000.507  000.123: require('mason-core.installer.managers.std')
014.560  000.564  000.057: require('mason-core.installer.compiler.schemas')
014.614  000.053  000.053: require('mason-core.installer.compiler.util')
014.620  000.928  000.115: require('mason-core.installer.compiler')
014.714  000.094  000.094: require('mason-core.installer.linker')
014.717  001.142  000.120: require('mason-core.installer.InstallRunner')
014.777  000.059  000.059: require('mason-core.installer.UninstallRunner')
014.782  001.542  000.077: require('mason-core.package')
014.784  001.623  000.035: require('mason-registry.sources.util')
014.789  002.167  000.095: require('mason-registry.sources.github')
014.997  000.066  000.066: require('mason-registry.sources.synthesized')
017.579  000.027  000.027: require('mason-lspconfig.notify')
017.593  000.164  000.137: require('mason-lspconfig.api.command')
017.957  000.307  000.307: require('vim.iter')
020.134  001.173  001.173: require('vim.diagnostic')
020.222  000.055  000.055: require('catppuccin.palettes')
020.259  000.035  000.035: require('catppuccin.palettes.macchiato')
020.286  009.750  003.833: require('configs/lsp')
020.396  000.109  000.109: require('nvim-treesitter.config')
021.641  000.025  000.025: require('nvim-autopairs._log')
021.763  000.120  000.120: require('nvim-autopairs.utils')
021.768  000.312  000.167: require('nvim-autopairs.conds')
021.793  000.445  000.133: require('nvim-autopairs.rule')
021.796  000.532  000.086: require('nvim-autopairs.rules.basic')
021.803  000.878  000.346: require('nvim-autopairs')
022.334  001.705  000.827: require('configs/autopairs')
022.935  000.040  000.040: require('flash')
023.212  000.245  000.245: require('flash.config')
023.622  000.023  000.023: require('flash.require')
023.626  000.108  000.086: require('flash.plugins.search')
023.763  000.124  000.124: require('flash.plugins.char')
023.794  000.030  000.030: require('flash.repeat')
023.887  001.143  000.596: require('configs/flash')
023.956  000.068  000.068: require('configs/commander')
025.161  001.003  001.003: require('mini.icons')
026.005  000.808  000.808: require('mini.completion')
026.427  000.336  000.336: require('mini.misc')
027.695  000.080  000.080: require('vim.uri')
027.699  001.220  001.140: require('mini.files')
027.772  000.037  000.037: sourcing nvim_exec2() called at /home/rizki/.dotfiles/nvim/.config/nvim/init.lua:0
027.778  000.004  000.004: sourcing nvim_exec2() called at /home/rizki/.dotfiles/nvim/.config/nvim/init.lua:0
027.795  001.356  000.096: require('configs.mini-files')
028.060  000.222  000.222: require('mini.statusline')
028.086  000.291  000.069: require('configs.mini-statusline')
028.320  025.421  002.306: sourcing /home/rizki/.config/nvim/init.lua
028.327  000.335: sourcing vimrc file(s)
028.510  000.007  000.007: sourcing /home/rizki/.local/share/nvim/site/pack/core/opt/vim-fugitive/ftdetect/fugitive.vim
028.584  000.021  000.021: sourcing /usr/share/nvim/site/ftdetect/ghostty.vim
028.602  000.164  000.136: sourcing nvim_exec2() called at /usr/share/nvim/runtime/filetype.lua:0
028.603  000.210  000.047: sourcing /usr/share/nvim/runtime/filetype.lua
028.730  000.038  000.038: sourcing /usr/share/nvim/runtime/syntax/synload.vim
028.780  000.148  000.110: sourcing /usr/share/nvim/runtime/syntax/syntax.vim
028.985  000.015  000.015: sourcing /home/rizki/.local/share/nvim/site/pack/core/opt/nvim-colorizer.lua/plugin/colorizer.lua
029.523  000.470  000.470: sourcing /home/rizki/.local/share/nvim/site/pack/core/opt/vim-fugitive/plugin/fugitive.vim
030.823  000.084  000.084: require('vim.treesitter.language')
030.857  000.032  000.032: require('vim.func')
030.959  000.101  000.101: require('vim.treesitter._range')
031.023  000.061  000.061: require('vim.func._memoize')
031.048  000.673  000.394: require('vim.treesitter.query')
031.061  001.159  000.487: require('vim.treesitter.languagetree')
031.068  001.351  000.192: require('vim.treesitter')
031.142  001.491  000.139: sourcing /home/rizki/.local/share/nvim/site/pack/core/opt/nvim-treesitter/plugin/filetypes.lua
031.222  000.057  000.057: sourcing /home/rizki/.local/share/nvim/site/pack/core/opt/nvim-treesitter/plugin/nvim-treesitter.lua
031.272  000.030  000.030: sourcing /home/rizki/.local/share/nvim/site/pack/core/opt/nvim-treesitter/plugin/query_predicates.lua
031.510  000.012  000.012: sourcing /usr/share/nvim/runtime/plugin/gzip.vim
031.530  000.007  000.007: sourcing /usr/share/nvim/runtime/plugin/matchit.vim
031.629  000.087  000.087: sourcing /usr/share/nvim/runtime/plugin/matchparen.vim
032.078  000.118  000.118: sourcing /usr/share/nvim/runtime/pack/dist/opt/netrw/plugin/netrwPlugin.vim
032.110  000.469  000.352: sourcing /usr/share/nvim/runtime/plugin/netrwPlugin.vim
032.200  000.071  000.071: sourcing /usr/share/nvim/runtime/plugin/rplugin.vim
032.225  000.007  000.007: sourcing /usr/share/nvim/runtime/plugin/tarPlugin.vim
032.254  000.014  000.014: sourcing /usr/share/nvim/runtime/plugin/tutor.vim
032.274  000.006  000.006: sourcing /usr/share/nvim/runtime/plugin/zipPlugin.vim
032.331  000.039  000.039: sourcing /usr/share/nvim/runtime/plugin/editorconfig.lua
032.388  000.044  000.044: sourcing /usr/share/nvim/runtime/plugin/man.lua
032.487  000.084  000.084: sourcing /usr/share/nvim/runtime/plugin/net.lua
032.563  000.059  000.059: sourcing /usr/share/nvim/runtime/plugin/osc52.lua
032.670  000.089  000.089: sourcing /usr/share/nvim/runtime/plugin/shada.lua
032.739  000.019  000.019: sourcing /usr/share/nvim/runtime/plugin/spellfile.lua
032.754  000.999: loading rtp plugins
032.869  000.115: loading packages
032.883  000.015: loading after plugins
032.900  000.016: inits 3
035.067  002.167: reading ShaDa
035.211  000.143: opening buffers
035.258  000.047: BufEnter autocommands
035.259  000.001: editing files in windows
035.284  000.025: VimEnter autocommands
035.297  000.013: UIEnter autocommands
035.298  000.001: before starting main loop
035.650  000.182  000.182: require('editorconfig')
037.124  001.461  001.461: require('vim.filetype')
038.604  001.143  001.143: require('vim.filetype.detect')
038.906  000.149  000.149: require('vim.ui')
038.937  000.705: first screen update
038.938  000.001: --- NVIM STARTED ---

--- Startup times for process: Primary (or UI client) ---

times in msec
 clock   self+sourced   self:  sourced script
 clock   elapsed:              other lines

000.000  000.000: --- NVIM STARTING ---
000.111  000.110: event init
000.173  000.062: early init
000.209  000.036: locale set
000.239  000.030: init first window
000.481  000.241: inits 1
000.487  000.007: window checked
000.534  000.046: parsing arguments
000.921  000.049  000.049: require('vim._core.shared')
000.984  000.002  000.002: require('string.buffer')
001.003  000.035  000.033: require('vim.inspect')
001.042  000.033  000.033: require('vim._core.options')
001.043  000.118  000.050: require('vim._core.editor')
001.072  000.028  000.028: require('vim._core.system')
001.073  000.236  000.040: require('vim._init_packages')
001.074  000.305: init lua interpreter
001.932  000.858: nvim_ui_attach
002.144  000.213: nvim_set_client_info
002.145  000.001: --- NVIM STARTED ---

--- Startup times for process: Embedded ---

times in msec
 clock   self+sourced   self:  sourced script
 clock   elapsed:              other lines

000.000  000.000: --- NVIM STARTING ---
000.104  000.104: event init
000.167  000.063: early init
000.213  000.047: locale set
000.244  000.031: init first window
000.520  000.276: inits 1
000.532  000.013: window checked
000.576  000.044: parsing arguments
000.918  000.033  000.033: require('vim._core.shared')
000.989  000.002  000.002: require('string.buffer')
001.006  000.033  000.031: require('vim.inspect')
001.042  000.029  000.029: require('vim._core.options')
001.043  000.124  000.062: require('vim._core.editor')
001.067  000.023  000.023: require('vim._core.system')
001.068  000.195  000.015: require('vim._init_packages')
001.069  000.298: init lua interpreter
001.114  000.045: expanding arguments
001.134  000.020: inits 2
001.300  000.166: init highlight
001.301  000.000: waiting for UI
001.387  000.086: done waiting for UI
001.393  000.006: clear screen
001.487  000.004  000.004: require('vim.keymap')
001.958  000.075  000.075: sourcing nvim_exec2()
001.980  000.007  000.007: require('vim._core.log')
002.437  001.043  000.957: require('vim._core.defaults')
002.440  000.004: init default mappings & autocommands
002.744  000.035  000.035: sourcing /usr/share/nvim/runtime/ftplugin.vim
002.794  000.018  000.018: sourcing /usr/share/nvim/runtime/indent.vim
002.868  000.037  000.037: sourcing /usr/share/nvim/archlinux.lua
002.873  000.060  000.024: sourcing /etc/xdg/nvim/sysinit.vim
002.983  000.020  000.020: require('vim._core.ui2')
003.371  000.380  000.380: require('vim._core.ui2.cmdline')
003.839  000.466  000.466: require('vim._core.ui2.messages')
003.962  000.093  000.093: require('configs.autocmds')
003.999  000.035  000.035: require('configs.cmds')
005.523  000.624  000.624: require('vim.lsp.protocol')
005.555  000.027  000.027: require('vim.fs')
005.572  000.751  000.101: require('vim.lsp.log')
006.562  000.007  000.007: require('vim._core.util')
006.578  001.004  000.997: require('vim.lsp.util')
006.886  000.126  000.126: require('vim.lsp.sync')
006.889  000.309  000.183: require('vim.lsp._changetracking')
007.171  000.071  000.071: require('vim.lsp._transport')
007.175  000.003  000.003: require('vim._core.stringbuffer')
007.207  000.316  000.243: require('vim.lsp.rpc')
007.223  003.038  000.658: require('vim.lsp')
007.420  000.062  000.062: require('vim.lsp._capability')
007.423  000.199  000.136: require('vim.lsp._folding_range')
007.429  000.003  000.003: require('vim.F')
007.503  000.004  000.004: sourcing nvim_exec2() called at /home/rizki/.dotfiles/nvim/.config/nvim/init.lua:0
007.515  000.010  000.010: sourcing nvim_exec2() called at /home/rizki/.dotfiles/nvim/.config/nvim/init.lua:0
007.518  000.002  000.002: sourcing nvim_exec2() called at /home/rizki/.dotfiles/nvim/.config/nvim/init.lua:0
007.522  000.003  000.003: sourcing nvim_exec2() called at /home/rizki/.dotfiles/nvim/.config/nvim/init.lua:0
007.525  000.003  000.003: sourcing nvim_exec2() called at /home/rizki/.dotfiles/nvim/.config/nvim/init.lua:0
007.528  000.001  000.001: sourcing nvim_exec2() called at /home/rizki/.dotfiles/nvim/.config/nvim/init.lua:0
007.543  000.014  000.014: sourcing nvim_exec2() called at /home/rizki/.dotfiles/nvim/.config/nvim/init.lua:0
007.576  000.022  000.022: sourcing nvim_exec2() called at /home/rizki/.dotfiles/nvim/.config/nvim/init.lua:0
007.578  003.578  000.279: require('configs.options')
008.102  000.522  000.522: require('configs.keymaps')
008.211  000.107  000.107: require('configs.tabline')
008.962  000.065  000.065: require('vim._async')
008.974  000.759  000.695: require('vim.pack')
009.455  000.138  000.138: require('catppuccin')
009.562  000.029  000.029: require('catppuccin.lib.hashing')
010.644  001.005  001.005: sourcing /home/rizki/.local/share/nvim/site/pack/core/opt/nvim/colors/catppuccin-macchiato.lua
010.650  001.080  000.075: sourcing nvim_exec2() called at /home/rizki/.dotfiles/nvim/.config/nvim/init.lua:0
011.334  000.082  000.082: require('mason-core.path')
011.658  000.042  000.042: require('mason-core.functional.data')
011.768  000.108  000.108: require('mason-core.functional.function')
011.976  000.193  000.193: require('mason-core.functional.list')
012.009  000.029  000.029: require('mason-core.functional.relation')
012.042  000.031  000.031: require('mason-core.functional.logic')
012.067  000.024  000.024: require('mason-core.functional.number')
012.117  000.047  000.047: require('mason-core.functional.string')
012.167  000.048  000.048: require('mason-core.functional.table')
012.211  000.023  000.023: require('mason-core.functional.type')
012.212  000.711  000.165: require('mason-core.functional')
012.232  000.895  000.184: require('mason-core.platform')
012.327  000.094  000.094: require('mason.settings')
012.329  001.142  000.071: require('mason-core.installer.InstallLocation')
012.569  000.104  000.104: require('mason-core.log')
012.573  000.145  000.041: require('mason-core.EventEmitter')
012.671  000.097  000.097: require('mason-registry.sources')
012.686  000.356  000.114: require('mason-registry')
012.687  001.545  000.047: require('mason')
012.836  000.134  000.134: require('mason.api.command')
012.914  000.018  000.018: require('mason-lspconfig.settings')
012.915  000.076  000.058: require('mason-lspconfig')
013.018  000.090  000.090: require('mason-core.async')
013.144  000.034  000.034: require('mason-core.async.uv')
013.148  000.129  000.095: require('mason-core.fs')
013.356  000.074  000.074: require('mason-core.result')
013.569  000.114  000.114: require('mason-core.process')
013.642  000.072  000.072: require('mason-core.spawn')
013.643  000.220  000.034: require('mason-core.installer.managers.powershell')
013.661  000.017  000.017: require('mason.version')
013.662  000.305  000.068: require('mason-core.fetch')
013.700  000.037  000.037: require('mason-core.providers')
013.772  000.042  000.042: require('mason-core.optional')
014.023  000.107  000.107: require('mason-core.purl')
014.081  000.057  000.057: require('mason-core.async.control')
014.084  000.242  000.078: require('mason-core.package.AbstractPackage')
014.438  000.054  000.054: require('mason-core.installer.compiler.expr')
014.441  000.164  000.109: require('mason-core.installer.compiler.link')
014.745  000.031  000.031: require('mason-core.installer.context.InstallContextCwd')
014.803  000.058  000.058: require('mason-core.installer.context.InstallContextFs')
014.838  000.034  000.034: require('mason-core.installer.context.InstallContextSpawn')
014.904  000.065  000.065: require('mason-core.receipt')
014.915  000.319  000.132: require('mason-core.installer.context')
014.916  000.338  000.019: require('mason-core.installer')
014.928  000.444  000.105: require('mason-core.installer.managers.std')
014.930  000.488  000.044: require('mason-core.installer.compiler.schemas')
014.980  000.049  000.049: require('mason-core.installer.compiler.util')
014.985  000.808  000.108: require('mason-core.installer.compiler')
015.080  000.094  000.094: require('mason-core.installer.linker')
015.084  000.999  000.097: require('mason-core.installer.InstallRunner')
015.150  000.065  000.065: require('mason-core.installer.UninstallRunner')
015.154  001.381  000.075: require('mason-core.package')
015.156  001.455  000.032: require('mason-registry.sources.util')
015.168  001.991  000.120: require('mason-registry.sources.github')
015.464  000.075  000.075: require('mason-registry.sources.synthesized')
017.809  000.020  000.020: require('mason-lspconfig.notify')
017.824  000.140  000.120: require('mason-lspconfig.api.command')
018.197  000.293  000.293: require('vim.iter')
020.151  001.033  001.033: require('vim.diagnostic')
020.229  000.045  000.045: require('catppuccin.palettes')
020.265  000.034  000.034: require('catppuccin.palettes.macchiato')
020.293  009.207  003.622: require('configs/lsp')
020.430  000.136  000.136: require('nvim-treesitter.config')
021.525  000.015  000.015: require('nvim-autopairs._log')
021.613  000.086  000.086: require('nvim-autopairs.utils')
021.617  000.208  000.108: require('nvim-autopairs.conds')
021.640  000.298  000.090: require('nvim-autopairs.rule')
021.641  000.359  000.061: require('nvim-autopairs.rules.basic')
021.646  000.783  000.424: require('nvim-autopairs')
021.867  001.240  000.457: require('configs/autopairs')
022.237  000.018  000.018: require('flash')
022.337  000.097  000.097: require('flash.config')
022.603  000.019  000.019: require('flash.require')
022.607  000.089  000.070: require('flash.plugins.search')
022.736  000.118  000.118: require('flash.plugins.char')
022.765  000.028  000.028: require('flash.repeat')
022.873  000.712  000.363: require('configs/flash')
022.945  000.070  000.070: require('configs/commander')
024.093  001.016  001.016: require('mini.icons')
024.987  000.852  000.852: require('mini.completion')
025.461  000.367  000.367: require('mini.misc')
026.320  000.850  000.850: require('mini.git')
027.758  000.089  000.089: require('vim.uri')
027.762  001.301  001.212: require('mini.files')
027.825  000.029  000.029: sourcing nvim_exec2() called at /home/rizki/.dotfiles/nvim/.config/nvim/init.lua:0
027.832  000.003  000.003: sourcing nvim_exec2() called at /home/rizki/.dotfiles/nvim/.config/nvim/init.lua:0
027.848  001.422  000.089: require('configs.mini-files')
028.148  000.251  000.251: require('mini.statusline')
028.173  000.324  000.074: require('configs.mini-statusline')
028.363  025.457  002.055: sourcing /home/rizki/.config/nvim/init.lua
028.368  000.358: sourcing vimrc file(s)
028.543  000.006  000.006: sourcing /home/rizki/.local/share/nvim/site/pack/core/opt/vim-fugitive/ftdetect/fugitive.vim
028.606  000.012  000.012: sourcing /usr/share/nvim/site/ftdetect/ghostty.vim
028.620  000.141  000.123: sourcing nvim_exec2() called at /usr/share/nvim/runtime/filetype.lua:0
028.622  000.188  000.047: sourcing /usr/share/nvim/runtime/filetype.lua
028.740  000.040  000.040: sourcing /usr/share/nvim/runtime/syntax/synload.vim
028.789  000.141  000.101: sourcing /usr/share/nvim/runtime/syntax/syntax.vim
028.950  000.012  000.012: sourcing /home/rizki/.local/share/nvim/site/pack/core/opt/nvim-colorizer.lua/plugin/colorizer.lua
029.495  000.445  000.445: sourcing /home/rizki/.local/share/nvim/site/pack/core/opt/vim-fugitive/plugin/fugitive.vim
030.758  000.079  000.079: require('vim.treesitter.language')
030.791  000.031  000.031: require('vim.func')
030.889  000.097  000.097: require('vim.treesitter._range')
030.951  000.059  000.059: require('vim.func._memoize')
031.004  000.679  000.414: require('vim.treesitter.query')
031.018  001.139  000.459: require('vim.treesitter.languagetree')
031.022  001.347  000.208: require('vim.treesitter')
031.117  001.516  000.169: sourcing /home/rizki/.local/share/nvim/site/pack/core/opt/nvim-treesitter/plugin/filetypes.lua
031.190  000.053  000.053: sourcing /home/rizki/.local/share/nvim/site/pack/core/opt/nvim-treesitter/plugin/nvim-treesitter.lua
031.232  000.025  000.025: sourcing /home/rizki/.local/share/nvim/site/pack/core/opt/nvim-treesitter/plugin/query_predicates.lua
031.446  000.010  000.010: sourcing /usr/share/nvim/runtime/plugin/gzip.vim
031.465  000.007  000.007: sourcing /usr/share/nvim/runtime/plugin/matchit.vim
031.544  000.070  000.070: sourcing /usr/share/nvim/runtime/plugin/matchparen.vim
031.944  000.110  000.110: sourcing /usr/share/nvim/runtime/pack/dist/opt/netrw/plugin/netrwPlugin.vim
031.969  000.412  000.302: sourcing /usr/share/nvim/runtime/plugin/netrwPlugin.vim
032.050  000.067  000.067: sourcing /usr/share/nvim/runtime/plugin/rplugin.vim
032.073  000.006  000.006: sourcing /usr/share/nvim/runtime/plugin/tarPlugin.vim
032.095  000.009  000.009: sourcing /usr/share/nvim/runtime/plugin/tutor.vim
032.113  000.006  000.006: sourcing /usr/share/nvim/runtime/plugin/zipPlugin.vim
032.156  000.027  000.027: sourcing /usr/share/nvim/runtime/plugin/editorconfig.lua
032.205  000.036  000.036: sourcing /usr/share/nvim/runtime/plugin/man.lua
032.304  000.086  000.086: sourcing /usr/share/nvim/runtime/plugin/net.lua
032.379  000.059  000.059: sourcing /usr/share/nvim/runtime/plugin/osc52.lua
032.458  000.064  000.064: sourcing /usr/share/nvim/runtime/plugin/shada.lua
032.501  000.014  000.014: sourcing /usr/share/nvim/runtime/plugin/spellfile.lua
032.509  000.888: loading rtp plugins
032.575  000.067: loading packages
032.586  000.011: loading after plugins
032.592  000.006: inits 3
033.944  001.352: reading ShaDa
034.053  000.109: opening buffers
034.151  000.098: BufEnter autocommands
034.152  000.002: editing files in windows
034.175  000.022: VimEnter autocommands
034.185  000.010: UIEnter autocommands
034.186  000.001: before starting main loop
034.565  000.211  000.211: require('editorconfig')
035.847  001.260  001.260: require('vim.filetype')
036.807  000.699  000.699: require('vim.filetype.detect')
037.096  000.145  000.145: require('vim.ui')
037.127  000.627: first screen update
037.128  000.001: --- NVIM STARTED ---

